// Jest Snapshot v1, https://goo.gl/fbAQLP

exports[`should render Expense List with empty expenses 1`] = `
<div>
  <p>
    There are no expenses
  </p>
</div>
`;

exports[`should render expense list 1`] = `
<div>
  <ExpenseListItem
    amount="5"
    createdAt="0"
    description="f"
    id="1"
    key="1"
    note=""
  />
  <ExpenseListItem
    amount="4.4"
    createdAt="4"
    description="z"
    id="2"
    key="2"
    note=""
  />
  <ExpenseListItem
    amount="54"
    createdAt="5432"
    description="asd"
    id="3"
    key="3"
    note=""
  />
</div>
`;
